Microchip MPLAB XC8 PIC(R) Assembler V3.10

Linker command line:

-W-3 \
  --edf=C:\Program Files\Microchip\xc8\v3.10\pic\dat\20250813170317_en.msgs \
  -cs -h+dist/default/debug\Experiment5FunkyMuzak.debug.sym \
  --cmf=dist/default/debug\Experiment5FunkyMuzak.debug.cmf -z -Q16F883 \
  -oC:\Users\rudyd\AppData\Local\Temp\xcAsgcg.0\driver_tmp_3.o \
  -presetVect=0h -pisrVect=04h -pcode=08h --fixupoverflow=error \
  -ver=XC8 PIC(R) Assembler --fixupoverflow=lstwarn \
  -Mdist/default/debug/Experiment5FunkyMuzak.debug.map -E1 \
  -ACODE=00h-07FFhx2 -ASTRCODE=00h-0FFFh -ASTRING=00h-0FFhx16 \
  -ACONST=00h-0FFhx16 -AENTRY=00h-0FFhx16 -ACOMMON=070h-07Fh \
  -ABANK0=020h-06Fh -ABANK1=0A0h-0EFh -ABANK2=0120h-016Fh \
  -ARAM=020h-06Fh,0A0h-0EFh,0120h-016Fh \
  -AABS1=020h-07Fh,0A0h-0EFh,0120h-016Fh -ASFR0=00h-01Fh -ASFR1=080h-09Fh \
  -ASFR2=0100h-011Fh -ASFR3=0180h-01EFh -ACONFIG=02007h-02008h -DCONFIG=2 \
  -AIDLOC=02000h-02003h -DIDLOC=2 -AEEDATA=00h-0FFh/02100h -DEEDATA=2 \
  -DCODE=2 -DSTRCODE=2 -DSTRING=2 -DCONST=2 -DENTRY=2 \
  build/default/debug/Experiment5Code.o 

Object code version is 3.11

Machine type is 16F883



                Name                               Link     Load   Length Selector   Space Scale
build/default/debug/Experiment5Code.o
                config                             2007     2007        2        0       4
                isrVect                               4        4        1        8       0
                resetVect                             0        0        1        0       0
                code                                  8        8       2D       10       0

TOTAL           Name                               Link     Load   Length     Space
        CLASS   CODE           
                isrVect                               4        4        1         0
                resetVect                             0        0        1         0
                code                                  8        8       2D         0

        CLASS   STRCODE        

        CLASS   STRING         

        CLASS   CONST          

        CLASS   ENTRY          

        CLASS   COMMON         

        CLASS   BANK0          

        CLASS   BANK1          

        CLASS   BANK2          

        CLASS   RAM            

        CLASS   ABS1           

        CLASS   SFR0           

        CLASS   SFR1           

        CLASS   SFR2           

        CLASS   SFR3           

        CLASS   CONFIG         
                config                             2007     2007        2         4

        CLASS   IDLOC          

        CLASS   EEDATA         



SEGMENTS        Name                           Load    Length   Top    Selector   Space  Class     Delta

                resetVect                      000000  000001  000001         0       0  CODE        2
                isrVect                        000004  000001  000005         8       0  CODE        2
                code                           000008  00002D  000035        10       0  CODE        2


UNUSED ADDRESS RANGES

        Name                Unused          Largest block    Delta
        BANK0            0020-006F             50           1
        BANK1            00A0-00EF             50           1
        BANK2            0120-016F             50           1
        CODE             0001-0003              3           2
                         0005-0007              3
                         0035-0FFF            7CB
        COMMON           0070-007F             10           1
        CONST            0001-0003              3           2
                         0005-0007              3
                         0035-0FFF            100
        EEDATA           2100-21FF            100           2
        ENTRY            0001-0003              3           2
                         0005-0007              3
                         0035-0FFF            100
        IDLOC            2000-2003              4           2
        RAM              0020-006F             50           1
                         00A0-00EF             50
                         0120-016F             50
        SFR0             0002-0007              6           1
                         000A-000F              6
        SFR1             0080-009F             20           1
        SFR2             0100-011F             20           1
        SFR3             0180-01EF             70           1
        STRCODE          0001-0003              3           2
                         0005-0007              3
                         0035-0FFF            FCB
        STRING           0001-0003              3           2
                         0005-0007              3
                         0035-0FFF            100

                                  Symbol Table

__H__absolute__ __absolute__ 0000  __Hcode         code         0035
__Hconfig       config       2009  __Hdata         data         006A
__Hedata        edata        006A  __HisrVect      isrVect      0005
__HresetVect    resetVect    0001  __Hspace_0      (abs)        006A
__Hspace_1      (abs)        0000  __Hspace_3      (abs)        0000
__Hspace_4      (abs)        4010  __Hudata        udata        006A
__Hudata_bank0  udata_bank0  006A  __Hudata_bank1  udata_bank1  006A
__Hudata_bank2  udata_bank2  006A  __Hudata_shr    udata_shr    006A
__L__absolute__ __absolute__ 0000  __Lcode         code         0008
__Lconfig       config       0000  __Ldata         data         006A
__Ledata        edata        006A  __LisrVect      isrVect      0004
__LresetVect    resetVect    0000  __Lspace_0      (abs)        0000
__Lspace_1      (abs)        0000  __Lspace_3      (abs)        0000
__Lspace_4      (abs)        0000  __Ludata        udata        006A
__Ludata_bank0  udata_bank0  006A  __Ludata_bank1  udata_bank1  006A
__Ludata_bank2  udata_bank2  006A  __Ludata_shr    udata_shr    006A
__S0            (abs)        0000  __S1            (abs)        0000
__S3            (abs)        0000  
